#-----------------------------------------------------------
# Vivado v2025.1 (64-bit)
# SW Build 6140274 on Thu May 22 00:12:29 MDT 2025
# IP Build 6138677 on Thu May 22 03:10:11 MDT 2025
# SharedData Build 6139179 on Tue May 20 17:58:58 MDT 2025
# Start of session at: Thu Nov 20 11:46:29 2025
# Process ID         : 25240
# Current directory  : C:/projects/dvfs_zed/matlab_scripts/hdl_prj/vivado_ip_prj
# Command line       : vivado.exe -mode batch -notrace -source vivado_build.tcl
# Log file           : C:/projects/dvfs_zed/matlab_scripts/hdl_prj/vivado_ip_prj/vivado.log
# Journal file       : C:/projects/dvfs_zed/matlab_scripts/hdl_prj/vivado_ip_prj\vivado.jou
# Running On         : VimalRency
# Platform           : Windows Server 2016 or Windows 10
# Operating System   : 26200
# Processor Detail   : AMD Ryzen 5 7530U with Radeon Graphics         
# CPU Frequency      : 1996 MHz
# CPU Physical cores : 6
# CPU Logical cores  : 12
# Host memory        : 16441 MB
# Swap memory        : 9892 MB
# Total Virtual      : 26334 MB
# Available Virtual  : 2834 MB
#-----------------------------------------------------------
source vivado_build.tcl -notrace
