#-----------------------------------------------------------
# Vivado v2025.1 (64-bit)
# SW Build 6140274 on Thu May 22 00:12:29 MDT 2025
# IP Build 6138677 on Thu May 22 03:10:11 MDT 2025
# SharedData Build 6139179 on Tue May 20 17:58:58 MDT 2025
# Start of session at: Thu Nov 20 12:27:26 2025
# Process ID         : 5292
# Current directory  : C:/projects/dvfs_zed/dvfs_zed_project/dvfs_zed_project.runs/dvfs_bd_axi_smc_0_synth_1
# Command line       : vivado.exe -log dvfs_bd_axi_smc_0.vds -product Vivado -mode batch -messageDb vivado.pb -notrace -source dvfs_bd_axi_smc_0.tcl
# Log file           : C:/projects/dvfs_zed/dvfs_zed_project/dvfs_zed_project.runs/dvfs_bd_axi_smc_0_synth_1/dvfs_bd_axi_smc_0.vds
# Journal file       : C:/projects/dvfs_zed/dvfs_zed_project/dvfs_zed_project.runs/dvfs_bd_axi_smc_0_synth_1\vivado.jou
# Running On         : VimalRency
# Platform           : Windows Server 2016 or Windows 10
# Operating System   : 26200
# Processor Detail   : AMD Ryzen 5 7530U with Radeon Graphics         
# CPU Frequency      : 1996 MHz
# CPU Physical cores : 6
# CPU Logical cores  : 12
# Host memory        : 16441 MB
# Swap memory        : 12064 MB
# Total Virtual      : 28506 MB
# Available Virtual  : 2287 MB
#-----------------------------------------------------------
source dvfs_bd_axi_smc_0.tcl -notrace
